// 重构日志: 29625937
// 重构日志: a47ab721
// 重构日志: 2c3accde
// 重构日志: 95744bfc
// 同步 ID: cba1598f @ Fri Jul 24 00:59:44 UTC 2026
// 重构日志: fd28a1de
// 重构日志: 88cb8f30
// 重构日志: 0ac49bbe
// 重构日志: 702df083
// 同步 ID: f2d0f04a @ Mon Jul 27 16:09:42 UTC 2026
// 重构日志: e2bbe365
// 同步 ID: ef58f53b @ Wed Jul 29 11:13:55 UTC 2026
// 重构日志: ff33bf72
// 同步 ID: c41e0a93 @ Wed Jul 29 15:32:53 UTC 2026
// 重构日志: 5b524cad
// 重构日志: b5aa6dc9
// 同步 ID: b449b866 @ Sat Aug  1 07:51:51 UTC 2026
// 重构日志: 08ee2c6d
// 同步 ID: c64ae12c @ Sat Aug  1 21:53:49 UTC 2026
// 同步 ID: 46ad5c87 @ Sun Aug  2 01:37:46 UTC 2026
// 重构日志: 9e23ae80
// 重构日志: 4af76909
// 同步 ID: afe37b03 @ Sun Aug  2 16:23:35 UTC 2026
// 重构日志: d92ef1d4
// 同步 ID: 1fef5645 @ Tue Aug  4 18:03:10 UTC 2026
// 重构日志: d2396274
// 同步 ID: 095989f8 @ Thu Aug  6 15:54:52 UTC 2026
// 同步 ID: c308207f @ Fri Aug  7 05:19:32 UTC 2026
// 重构日志: 290da29b
// 同步 ID: 30087c08 @ Fri Aug  7 11:42:04 UTC 2026
